<html>
<body>
<pre>
<h1>µVision Build Log</h1>
<h2>Tool Versions:</h2>
IDE-Version: ¦ÌVision V5.14.0.0
Copyright (C) 2015 ARM Ltd and ARM Germany GmbH. All rights reserved.
License Information: FKQ AA, SDS, LIC=----
 
Tool Versions:
Toolchain:       MDK-Lite  Version: 5.14.0.0
Toolchain Path:  F:\software_install_filed\keill\ARM\ARMCC\Bin
C Compiler:      Armcc.exe V5.05 update 1 (build 106)
Assembler:       Armasm.exe V5.05 update 1 (build 106)
Linker/Locator:  ArmLink.exe V5.05 update 1 (build 106)
Library Manager: ArmAr.exe V5.05 update 1 (build 106)
Hex Converter:   FromElf.exe V5.05 update 1 (build 106)
CPU DLL:         SARMCM3.DLL V5.14.0.0
Dialog DLL:      DARMSTM.DLL V1.65.0.0
Target DLL:      Segger\JL2CM3.dll V2.99.13.0
Dialog DLL:      TRMSTM.DLL
 
<h2>Project:</h2>
D:\testCode\Stm32\Stm32\1_µãµÆ\3_PROJECT\MDK_ARM\TEMPLATE.uvprojx
Project File Date:  05/30/2018

<h2>Output:</h2>
Rebuild target 'Target 1'
assembling startup_stm32f10x_hd.s...
compiling main.c...
compiling led.c...
compiling key.c...
compiling sys.c...
compiling delay.c...
compiling usart.c...
linking...
Program Size: Code=1396 RO-data=336 RW-data=16 ZI-data=2344  
FromELF: creating hex file...
".\Objects\TEMPLATE.axf" - 0 Error(s), 0 Warning(s).

<h2>Collection of Component include folders:</h2>
  D:\testCode\Stm32\Stm32\1_µãµÆ\3_PROJECT\MDK_ARM\RTE
  F:\software_install_filed\keill\ARM\PACK\Keil\STM32F1xx_DFP\1.0.5\Device\Include

<h2>Collection of Component Files used:</h2>
</pre>
</body>
</html>
